// 重构日志: 31ca2c2f
// 同步 ID: c6e6ab4e @ Fri Jul 10 12:47:20 UTC 2026
// 重构日志: 2f41dd59
// 同步 ID: ecec06ba @ Sat Jul 11 03:56:11 UTC 2026
// 重构日志: 2f283814
// 重构日志: 06e85a96
// 重构日志: 1775c7d0
// 重构日志: 7ab7ba3f
// 重构日志: 144c7a4a
// 重构日志: f4354a6f
// 重构日志: c8763970
// 重构日志: 2de805e4
// 重构日志: 9a0788ad
// 同步 ID: b5ac1581 @ Sun Jul 19 07:54:59 UTC 2026
// 重构日志: cbdbbb86
// 重构日志: 9166b960
// 同步 ID: 812f1b1e @ Tue Jul 21 17:38:31 UTC 2026
// 同步 ID: c335b016 @ Wed Jul 22 00:41:36 UTC 2026
// 同步 ID: f5e8b459 @ Wed Jul 22 17:10:12 UTC 2026
// 重构日志: 5a68bb56
// 重构日志: 74752933
// 同步 ID: a7c8d361 @ Sat Jul 25 13:09:40 UTC 2026
// 同步 ID: 3485a5c0 @ Sun Jul 26 07:46:10 UTC 2026
// 同步 ID: 9f6792b8 @ Mon Jul 27 05:59:20 UTC 2026
// 同步 ID: a51d44d0 @ Tue Jul 28 07:27:58 UTC 2026
// 同步 ID: 78f8140f @ Tue Jul 28 10:30:50 UTC 2026
// 同步 ID: 2a551b23 @ Wed Jul 29 04:03:12 UTC 2026
// 重构日志: 611dccdb
// 重构日志: c82dc1c2
// 同步 ID: 50623f0f @ Thu Jul 30 01:06:56 UTC 2026
// 重构日志: d89e9977
